// Jest Snapshot v1, https://goo.gl/fbAQLP

exports[`pagina de congfiguração deve ser renderizada corretamente 1`] = `
<div>
  <div
    class="sc-bdfCDU kXPUtA"
  >
    <h1
      class="sc-iqHXzD efIoHY"
    >
      Vamos Começar!
    </h1>
    <form
      class="sc-eCstZk oMgtJ"
    >
      <input
        class="sc-jSguLX jwebvH"
        placeholder="Insira os nomes dos participantes"
        type="text"
        value=""
      />
      <button
        class="sc-gKsecS gkPpYk"
        disabled=""
      >
        Adicionar
      </button>
    </form>
    
    <ul
      class="sc-kEjbdu cxHolJ"
    />
    <footer
      class="sc-dlfmHC kexjpd"
    >
      <button
        class="sc-gsTDqH foCBFl"
        disabled=""
      >
        <svg
          fill="currentColor"
          height="1em"
          stroke="currentColor"
          stroke-width="0"
          viewBox="0 0 512 512"
          width="1em"
          xmlns="http://www.w3.org/2000/svg"
        >
          <path
            d="M464 256A208 208 0 1 0 48 256a208 208 0 1 0 416 0zM0 256a256 256 0 1 1 512 0A256 256 0 1 1 0 256zM188.3 147.1c7.6-4.2 16.8-4.1 24.3 .5l144 88c7.1 4.4 11.5 12.1 11.5 20.5s-4.4 16.1-11.5 20.5l-144 88c-7.4 4.5-16.7 4.7-24.3 .5s-12.3-12.2-12.3-20.9V168c0-8.7 4.7-16.7 12.3-20.9z"
          />
        </svg>
        Iniciar Brincadeira!
      </button>
      <img
        alt=""
        class="sc-hKgKIp a-DCBq"
        src="sacolas.png"
      />
    </footer>
  </div>
</div>
`;
